2026-04-02 14:50:31 | Training started | num_expert_samples=5000
2026-04-02 14:50:31 | iter | train_reward | test_imitation_loss | test_disc_loss | test_disc_loss_expert | test_disc_loss_generated | test_gen_reward
2026-04-02 14:52:36 | Training started | num_expert_samples=5000
2026-04-02 14:52:36 | iter | train_reward | test_imitation_loss | test_disc_loss | test_disc_loss_expert | test_disc_loss_generated | test_gen_reward
2026-04-02 14:57:41 | Training started | num_expert_samples=5000
2026-04-02 14:57:41 | iter | train_reward | test_imitation_loss | test_disc_loss | test_disc_loss_expert | test_disc_loss_generated | test_gen_reward
2026-04-02 14:57:53 | 1 | -122.8234 | 4.3895 | 1.3657 | 0.6985 | 0.6673 | -120.2907
2026-04-02 14:58:05 | 2 | -118.0791 | 4.3882 | 1.3546 | 0.6876 | 0.6670 | -119.5288
2026-04-02 14:58:17 | 3 | -118.4061 | 4.3698 | 1.3435 | 0.6772 | 0.6663 | -119.9586
2026-04-02 14:58:30 | 4 | -116.0953 | 4.3258 | 1.3330 | 0.6670 | 0.6660 | -119.5085
2026-04-02 14:58:42 | 5 | -116.9493 | 4.3106 | 1.3227 | 0.6576 | 0.6651 | -118.8671
2026-04-02 14:58:54 | 6 | -111.2431 | 4.2844 | 1.3132 | 0.6480 | 0.6651 | -109.0792
2026-04-02 14:59:05 | 7 | -117.5122 | 4.2493 | 1.3012 | 0.6395 | 0.6617 | -111.5629
2026-04-02 14:59:17 | 8 | -113.8466 | 4.2205 | 1.2928 | 0.6310 | 0.6618 | -109.1801
2026-04-02 14:59:29 | 9 | -106.1868 | 4.2097 | 1.2845 | 0.6222 | 0.6623 | -103.2958
2026-04-02 14:59:40 | 10 | -104.5858 | 4.1579 | 1.2721 | 0.6143 | 0.6578 | -103.5904
2026-04-02 14:59:52 | 11 | -102.5058 | 4.1352 | 1.2645 | 0.6057 | 0.6588 | -96.2074
2026-04-02 15:00:04 | 12 | -94.9540 | 4.1043 | 1.2523 | 0.5974 | 0.6550 | -94.4414
2026-04-02 15:00:16 | 13 | -88.3972 | 4.0766 | 1.2493 | 0.5896 | 0.6597 | -85.0828
2026-04-02 15:00:27 | 14 | -91.0917 | 4.0532 | 1.2454 | 0.5813 | 0.6640 | -78.1595
2026-04-02 15:00:39 | 15 | -78.5787 | 4.0164 | 1.2346 | 0.5739 | 0.6607 | -77.2694
2026-04-02 15:00:50 | 16 | -80.7239 | 3.9872 | 1.2273 | 0.5664 | 0.6609 | -76.4732
2026-04-02 15:01:02 | 17 | -66.6169 | 3.9590 | 1.2306 | 0.5586 | 0.6720 | -67.9899
2026-04-02 15:01:14 | 18 | -68.5445 | 3.9321 | 1.2259 | 0.5524 | 0.6735 | -62.4487
2026-04-02 15:01:25 | 19 | -63.9006 | 3.9024 | 1.2268 | 0.5446 | 0.6822 | -58.6051
2026-04-02 15:01:36 | 20 | -56.7742 | 3.8813 | 1.2165 | 0.5394 | 0.6771 | -57.1004
2026-04-02 15:01:48 | 21 | -57.8833 | 3.8611 | 1.2208 | 0.5316 | 0.6893 | -51.7604
2026-04-02 15:01:59 | 22 | -53.9114 | 3.8352 | 1.2260 | 0.5252 | 0.7007 | -50.9382
2026-04-02 15:02:11 | 23 | -54.2998 | 3.8013 | 1.2312 | 0.5210 | 0.7102 | -49.3256
2026-04-02 15:02:22 | 24 | -51.7315 | 3.7784 | 1.2290 | 0.5195 | 0.7096 | -47.6406
2026-04-02 15:02:34 | 25 | -48.3529 | 3.7604 | 1.2337 | 0.5178 | 0.7159 | -45.6010
2026-04-02 15:02:45 | 26 | -43.1042 | 3.7435 | 1.2446 | 0.5166 | 0.7281 | -46.0205
2026-04-02 15:02:57 | 27 | -44.9098 | 3.7106 | 1.2506 | 0.5170 | 0.7336 | -46.4233
2026-04-02 15:03:08 | 28 | -44.7634 | 3.6869 | 1.2527 | 0.5172 | 0.7355 | -44.6527
2026-04-02 15:03:19 | 29 | -41.9049 | 3.6678 | 1.2527 | 0.5240 | 0.7287 | -44.2774
2026-04-02 15:03:30 | 30 | -41.9762 | 3.6508 | 1.2541 | 0.5323 | 0.7218 | -42.4008
2026-04-02 15:03:42 | 31 | -41.2623 | 3.6257 | 1.2625 | 0.5407 | 0.7218 | -47.5090
2026-04-02 15:03:53 | 32 | -41.5099 | 3.6138 | 1.2639 | 0.5525 | 0.7115 | -40.9711
2026-04-02 15:04:04 | 33 | -46.2859 | 3.5922 | 1.2749 | 0.5648 | 0.7101 | -39.4283
2026-04-02 15:04:16 | 34 | -43.2763 | 3.5738 | 1.2779 | 0.5778 | 0.7001 | -42.4921
2026-04-02 15:04:27 | 35 | -45.3969 | 3.5496 | 1.2805 | 0.5938 | 0.6867 | -48.2339
2026-04-02 15:04:38 | 36 | -42.8217 | 3.5366 | 1.2638 | 0.6100 | 0.6537 | -49.6056
2026-04-02 15:04:50 | 37 | -44.8207 | 3.5319 | 1.2762 | 0.6207 | 0.6556 | -44.0142
2026-04-02 15:05:01 | 38 | -41.9109 | 3.5246 | 1.2781 | 0.6382 | 0.6399 | -42.5432
2026-04-02 15:05:12 | 39 | -46.0066 | 3.5169 | 1.2808 | 0.6480 | 0.6328 | -37.3380
2026-04-02 15:05:24 | 40 | -44.0342 | 3.5072 | 1.2807 | 0.6504 | 0.6303 | -45.8217
2026-04-02 15:05:35 | 41 | -45.0698 | 3.5027 | 1.2623 | 0.6474 | 0.6149 | -43.4747
2026-04-02 15:05:47 | 42 | -53.4316 | 3.4968 | 1.2535 | 0.6418 | 0.6117 | -45.3444
2026-04-02 15:05:58 | 43 | -47.7224 | 3.4895 | 1.2532 | 0.6396 | 0.6136 | -47.5929
2026-04-02 15:06:10 | 44 | -52.9112 | 3.4851 | 1.2298 | 0.6239 | 0.6059 | -52.1019
2026-04-02 15:06:21 | 45 | -51.7628 | 3.4877 | 1.2175 | 0.6196 | 0.5979 | -55.6515
2026-04-02 15:06:33 | 46 | -51.0642 | 3.4873 | 1.2083 | 0.6149 | 0.5934 | -46.6568
2026-04-02 15:06:44 | 47 | -46.1954 | 3.4861 | 1.1775 | 0.6077 | 0.5699 | -56.8752
2026-04-02 15:06:55 | 48 | -50.0699 | 3.4836 | 1.2027 | 0.5943 | 0.6084 | -46.9095
2026-04-02 15:07:06 | 49 | -45.8383 | 3.4808 | 1.2006 | 0.5840 | 0.6166 | -51.6950
2026-04-02 15:07:18 | 50 | -46.9110 | 3.4795 | 1.1465 | 0.5747 | 0.5718 | -54.1485
2026-04-02 15:07:29 | 51 | -52.3971 | 3.4751 | 1.1555 | 0.5771 | 0.5784 | -49.6428
2026-04-02 15:07:41 | 52 | -55.5322 | 3.4792 | 1.1351 | 0.5792 | 0.5559 | -55.5708
2026-04-02 15:07:52 | 53 | -56.8300 | 3.4765 | 1.1183 | 0.5646 | 0.5537 | -50.6855
2026-04-02 15:08:03 | 54 | -50.8926 | 3.4587 | 1.0948 | 0.5532 | 0.5416 | -53.6200
2026-04-02 15:08:15 | 55 | -58.0676 | 3.4683 | 1.1241 | 0.5632 | 0.5609 | -47.1834
2026-04-02 15:08:26 | 56 | -50.4204 | 3.4736 | 1.0620 | 0.5560 | 0.5060 | -57.5911
2026-04-02 15:08:37 | 57 | -44.0273 | 3.4704 | 1.0760 | 0.5518 | 0.5242 | -53.5963
2026-04-02 15:08:49 | 58 | -50.2685 | 3.4656 | 1.0710 | 0.5499 | 0.5211 | -54.3985
2026-04-02 15:09:00 | 59 | -46.1380 | 3.4523 | 1.0353 | 0.5344 | 0.5010 | -54.4698
2026-04-02 15:09:12 | 60 | -53.0637 | 3.4544 | 1.0234 | 0.5244 | 0.4990 | -63.3711
2026-04-02 15:09:23 | 61 | -44.0592 | 3.4623 | 1.0886 | 0.5333 | 0.5553 | -49.1415
2026-04-02 15:09:34 | 62 | -59.1812 | 3.4663 | 1.0833 | 0.5299 | 0.5534 | -49.7004
2026-04-02 15:09:46 | 63 | -52.3404 | 3.4631 | 0.9959 | 0.5199 | 0.4760 | -56.9893
2026-04-02 15:09:57 | 64 | -52.9387 | 3.4534 | 1.0647 | 0.5035 | 0.5612 | -48.1186
2026-04-02 15:18:47 | Training started | num_expert_samples=5000
2026-04-02 15:18:47 | iter | train_reward | test_imitation_loss | test_disc_loss | test_disc_loss_expert | test_disc_loss_generated | test_gen_reward
2026-04-02 15:18:59 | 1 | -103.7716 | 4.1865 | 1.3696 | 0.6490 | 0.7205 | -100.6451
2026-04-02 15:19:11 | 2 | -99.5293 | 4.1558 | 1.3622 | 0.6457 | 0.7165 | -97.1413
2026-04-02 15:19:20 | Training started | num_expert_samples=5000
2026-04-02 15:19:20 | iter | train_reward | test_imitation_loss | test_disc_loss | test_disc_loss_expert | test_disc_loss_generated | test_gen_reward
2026-04-02 15:19:32 | 1 | -115.6608 | 4.2331 | 1.3709 | 0.6800 | 0.6909 | -114.7605
2026-04-02 15:24:27 | Training started | num_expert_samples=5000
2026-04-02 15:24:27 | iter | train_reward | test_imitation_loss | test_disc_loss | test_disc_loss_expert | test_disc_loss_generated | test_gen_reward
2026-04-02 15:24:40 | 1 | -116.6019 | 4.3418 | 1.3775 | 0.6321 | 0.7455 | -121.0351
2026-04-02 15:25:40 | Training started | num_expert_samples=5000
2026-04-02 15:25:40 | iter | train_reward | test_imitation_loss | test_disc_loss | test_disc_loss_expert | test_disc_loss_generated | test_gen_reward
2026-04-02 15:25:52 | 1 | -111.5942 | 4.2602 | 1.3745 | 0.6671 | 0.7074 | -111.0012
2026-04-02 15:26:45 | Training started | num_expert_samples=5000
2026-04-02 15:26:45 | iter | train_reward | test_imitation_loss | test_disc_loss | test_disc_loss_expert | test_disc_loss_generated | test_gen_reward
2026-04-02 15:26:56 | 1 | -118.2339 | 4.2621 | 1.3606 | 0.6901 | 0.6705 | -122.7699
2026-04-02 15:28:03 | Training started | num_expert_samples=5000
2026-04-02 15:28:03 | iter | train_reward | test_imitation_loss | test_disc_loss | test_disc_loss_expert | test_disc_loss_generated | test_gen_reward
2026-04-02 15:28:16 | 1 | -114.0404 | 4.2457 | 1.3832 | 0.7409 | 0.6424 | -116.4548
2026-04-02 15:29:43 | Training started | num_expert_samples=5000
2026-04-02 15:29:43 | iter | train_reward | test_imitation_loss | test_disc_loss | test_disc_loss_expert | test_disc_loss_generated | test_gen_reward
2026-04-02 15:29:55 | 1 | -116.0717 | 4.2063 | 1.3867 | 0.7364 | 0.6502 | -118.3163
2026-04-02 15:30:20 | Training started | num_expert_samples=5000
2026-04-02 15:30:20 | iter | train_reward | test_imitation_loss | test_disc_loss | test_disc_loss_expert | test_disc_loss_generated | test_gen_reward
2026-04-02 15:30:31 | 1 | -110.9408 | 4.2244 | 1.3611 | 0.6447 | 0.7164 | -113.9409
2026-04-02 15:30:43 | 2 | -110.8809 | 4.2180 | 1.3510 | 0.6430 | 0.7079 | -118.1386
2026-04-02 15:30:54 | 3 | -112.2969 | 4.2174 | 1.3387 | 0.6410 | 0.6977 | -115.3116
2026-04-02 15:31:06 | 4 | -111.2855 | 4.2023 | 1.3316 | 0.6391 | 0.6925 | -108.6263
2026-04-02 15:31:17 | 5 | -112.8203 | 4.1953 | 1.3195 | 0.6357 | 0.6838 | -111.2007
2026-04-02 15:31:28 | 6 | -111.9068 | 4.1601 | 1.3131 | 0.6332 | 0.6798 | -104.7347
2026-04-02 15:31:40 | 7 | -99.7664 | 4.1572 | 1.3031 | 0.6302 | 0.6728 | -101.6732
2026-04-02 15:31:51 | 8 | -104.6277 | 4.1461 | 1.2938 | 0.6254 | 0.6684 | -95.6183
2026-04-02 15:32:02 | 9 | -97.0433 | 4.1169 | 1.2858 | 0.6225 | 0.6633 | -94.5994
2026-04-02 15:32:14 | 10 | -92.7177 | 4.0867 | 1.2839 | 0.6195 | 0.6644 | -86.2083
2026-04-02 15:32:25 | 11 | -93.5918 | 4.0815 | 1.2696 | 0.6138 | 0.6558 | -84.8761
2026-04-02 15:32:36 | 12 | -86.9942 | 4.0487 | 1.2701 | 0.6110 | 0.6591 | -79.6328
2026-04-02 15:32:47 | 13 | -79.0399 | 4.0326 | 1.2613 | 0.6063 | 0.6551 | -79.8243
2026-04-02 15:32:58 | 14 | -77.8843 | 4.0037 | 1.2533 | 0.6022 | 0.6511 | -73.3965
2026-04-02 15:33:09 | 15 | -71.7016 | 3.9805 | 1.2662 | 0.5983 | 0.6679 | -66.0646
2026-04-02 15:33:21 | 16 | -63.3409 | 3.9631 | 1.2581 | 0.5941 | 0.6640 | -63.4652
2026-04-02 15:33:32 | 17 | -60.8388 | 3.9384 | 1.2537 | 0.5898 | 0.6639 | -56.8507
2026-04-02 15:33:43 | 18 | -64.8964 | 3.9247 | 1.2565 | 0.5866 | 0.6699 | -60.6651
2026-04-02 15:33:54 | 19 | -56.0498 | 3.8984 | 1.2540 | 0.5840 | 0.6700 | -61.2574
2026-04-02 15:34:05 | 20 | -61.2461 | 3.8721 | 1.2624 | 0.5824 | 0.6800 | -57.0672
2026-04-02 15:34:16 | 21 | -55.9805 | 3.8507 | 1.2507 | 0.5828 | 0.6679 | -58.9634
2026-04-02 15:34:27 | 22 | -58.2871 | 3.8282 | 1.2576 | 0.5783 | 0.6793 | -55.6287
2026-04-02 15:34:38 | 23 | -57.6535 | 3.8079 | 1.2685 | 0.5813 | 0.6872 | -54.8133
2026-04-02 15:34:49 | 24 | -57.4130 | 3.7872 | 1.2712 | 0.5808 | 0.6905 | -59.5290
2026-04-02 15:35:00 | 25 | -58.2954 | 3.7646 | 1.2656 | 0.5842 | 0.6813 | -56.1654
2026-04-02 15:35:11 | 26 | -57.2147 | 3.7484 | 1.2762 | 0.5858 | 0.6904 | -60.7101
2026-04-02 15:35:22 | 27 | -64.8974 | 3.7323 | 1.2783 | 0.5874 | 0.6908 | -59.0175
2026-04-02 15:35:33 | 28 | -61.7638 | 3.7045 | 1.2888 | 0.5921 | 0.6967 | -52.5634
2026-04-02 15:35:44 | 29 | -58.0140 | 3.6828 | 1.2891 | 0.5994 | 0.6897 | -60.5981
2026-04-02 15:35:55 | 30 | -61.2040 | 3.6621 | 1.2832 | 0.6042 | 0.6790 | -60.6306
2026-04-02 15:36:06 | 31 | -58.2460 | 3.6463 | 1.2881 | 0.6106 | 0.6775 | -60.2649
2026-04-02 15:36:17 | 32 | -56.6988 | 3.6293 | 1.2977 | 0.6175 | 0.6802 | -59.3273
2026-04-02 15:36:28 | 33 | -66.9087 | 3.6118 | 1.2857 | 0.6200 | 0.6656 | -56.4728
2026-04-02 15:36:39 | 34 | -65.1339 | 3.5973 | 1.2868 | 0.6254 | 0.6614 | -68.5896
2026-04-02 15:36:50 | 35 | -65.2066 | 3.5826 | 1.2851 | 0.6270 | 0.6581 | -63.1550
2026-04-02 15:37:02 | 36 | -61.4792 | 3.5681 | 1.2820 | 0.6262 | 0.6558 | -66.6485
2026-04-02 15:37:13 | 37 | -61.2312 | 3.5560 | 1.2788 | 0.6247 | 0.6541 | -61.4025
2026-04-02 15:37:24 | 38 | -57.0079 | 3.5428 | 1.2731 | 0.6203 | 0.6528 | -70.2397
2026-04-02 15:37:35 | 39 | -67.9720 | 3.5354 | 1.2719 | 0.6192 | 0.6527 | -66.9626
2026-04-02 15:37:46 | 40 | -64.8711 | 3.5214 | 1.2636 | 0.6107 | 0.6529 | -62.9007
2026-04-02 15:38:56 | Training started | num_expert_samples=5000
2026-04-02 15:38:56 | iter | train_reward | test_imitation_loss | test_disc_loss | test_disc_loss_expert | test_disc_loss_generated | test_gen_reward
2026-04-02 15:39:08 | 1 | -92.9931 | 4.0823 | 1.3781 | 0.7111 | 0.6671 | -91.7797
2026-04-02 15:39:19 | 2 | -94.2352 | 4.1014 | 1.3678 | 0.7017 | 0.6661 | -101.2091
2026-04-02 15:39:31 | 3 | -98.1206 | 4.0925 | 1.3585 | 0.6924 | 0.6660 | -90.4447
2026-04-02 15:39:42 | 4 | -92.1272 | 4.1199 | 1.3464 | 0.6833 | 0.6631 | -98.9859
2026-04-02 15:39:53 | 5 | -98.2591 | 4.1213 | 1.3355 | 0.6741 | 0.6614 | -92.7600
2026-04-02 15:40:05 | 6 | -96.6481 | 4.1407 | 1.3214 | 0.6645 | 0.6569 | -96.2991
2026-04-02 15:40:16 | 7 | -93.3274 | 4.1436 | 1.3116 | 0.6548 | 0.6568 | -94.4385
2026-04-02 15:40:27 | 8 | -96.8439 | 4.1041 | 1.2977 | 0.6457 | 0.6520 | -96.3306
2026-04-02 15:40:39 | 9 | -86.9435 | 4.0914 | 1.2871 | 0.6356 | 0.6515 | -90.7269
2026-04-02 15:40:50 | 10 | -92.0835 | 4.0825 | 1.2751 | 0.6252 | 0.6499 | -85.1187
2026-04-02 15:41:01 | 11 | -87.7466 | 4.0822 | 1.2631 | 0.6144 | 0.6487 | -86.2669
2026-04-02 15:41:13 | 12 | -89.8590 | 4.0691 | 1.2513 | 0.6042 | 0.6472 | -85.8468
2026-04-02 15:41:24 | 13 | -81.4268 | 4.0578 | 1.2444 | 0.5942 | 0.6502 | -83.5116
2026-04-02 15:41:35 | 14 | -87.7609 | 4.0444 | 1.2253 | 0.5841 | 0.6412 | -82.2008
2026-04-02 15:41:47 | 15 | -80.5115 | 4.0298 | 1.2154 | 0.5752 | 0.6402 | -84.4689
2026-04-02 15:41:58 | 16 | -81.0542 | 4.0185 | 1.2081 | 0.5656 | 0.6425 | -78.7806
2026-04-02 15:42:09 | 17 | -74.6990 | 4.0106 | 1.1996 | 0.5585 | 0.6410 | -76.5630
2026-04-02 15:42:20 | 18 | -76.7712 | 4.0002 | 1.1917 | 0.5484 | 0.6433 | -72.8861
2026-04-02 15:42:32 | 19 | -67.4604 | 3.9783 | 1.1831 | 0.5447 | 0.6384 | -73.5241
2026-04-02 15:42:43 | 20 | -72.1615 | 3.9739 | 1.1753 | 0.5369 | 0.6384 | -70.2940
2026-04-02 15:42:54 | 21 | -74.0015 | 3.9571 | 1.1683 | 0.5322 | 0.6361 | -70.2069
2026-04-02 15:43:05 | 22 | -67.3901 | 3.9432 | 1.1641 | 0.5293 | 0.6348 | -67.4692
2026-04-02 15:43:17 | 23 | -70.2502 | 3.9237 | 1.1513 | 0.5260 | 0.6253 | -68.8784
2026-04-02 15:43:28 | 24 | -64.6281 | 3.9164 | 1.1476 | 0.5247 | 0.6228 | -61.1573
2026-04-02 15:43:39 | 25 | -69.3000 | 3.8893 | 1.1308 | 0.5264 | 0.6044 | -67.3763
2026-04-02 15:43:50 | 26 | -65.1143 | 3.8787 | 1.1190 | 0.5252 | 0.5938 | -70.6917
2026-04-02 15:44:01 | 27 | -65.5187 | 3.8712 | 1.1447 | 0.5298 | 0.6149 | -61.6294
2026-04-02 15:44:13 | 28 | -60.0957 | 3.8597 | 1.1057 | 0.5288 | 0.5769 | -69.2774
2026-04-02 15:44:24 | 29 | -63.8706 | 3.8465 | 1.1046 | 0.5310 | 0.5736 | -64.1200
2026-04-02 15:44:35 | 30 | -67.6117 | 3.8402 | 1.0904 | 0.5309 | 0.5595 | -64.4777
2026-04-02 15:44:46 | 31 | -69.7558 | 3.8339 | 1.0833 | 0.5272 | 0.5561 | -65.4372
2026-04-02 15:44:57 | 32 | -62.8572 | 3.8300 | 1.0986 | 0.5311 | 0.5675 | -66.3810
2026-04-02 15:45:08 | 33 | -65.7969 | 3.8234 | 1.0874 | 0.5242 | 0.5632 | -61.2168
2026-04-02 15:45:19 | 34 | -62.8722 | 3.8114 | 1.0464 | 0.5115 | 0.5349 | -64.8944
2026-04-02 15:45:30 | 35 | -66.6312 | 3.8082 | 1.0706 | 0.5063 | 0.5643 | -65.4828
2026-04-02 15:45:42 | 36 | -62.8320 | 3.7927 | 1.0680 | 0.4955 | 0.5725 | -61.0340
2026-04-02 15:45:53 | 37 | -60.2748 | 3.7955 | 1.0215 | 0.4806 | 0.5409 | -62.1034
2026-04-02 15:46:04 | 38 | -64.9936 | 3.7838 | 0.9829 | 0.4685 | 0.5143 | -65.6888
2026-04-02 15:46:15 | 39 | -62.6017 | 3.7785 | 1.0469 | 0.4515 | 0.5954 | -63.4468
2026-04-02 15:46:26 | 40 | -61.1163 | 3.7612 | 1.0215 | 0.4457 | 0.5758 | -66.6127
2026-04-02 16:02:06 | Training started | num_expert_samples=5000
2026-04-02 16:02:06 | iter | train_reward | test_imitation_loss | test_disc_loss | test_disc_loss_expert | test_disc_loss_generated | test_gen_reward
2026-04-02 16:02:17 | 1 | -115.0437 | 4.2315 | 1.3890 | 0.6801 | 0.7090 | -112.9494
2026-04-02 16:02:29 | 2 | -109.9189 | 4.2325 | 1.3781 | 0.6754 | 0.7027 | -111.2791
2026-04-02 16:02:40 | 3 | -111.3380 | 4.2196 | 1.3682 | 0.6708 | 0.6973 | -109.5233
2026-04-02 16:02:52 | 4 | -108.5835 | 4.1916 | 1.3587 | 0.6658 | 0.6930 | -111.3073
2026-04-02 16:03:03 | 5 | -105.3364 | 4.1988 | 1.3498 | 0.6601 | 0.6897 | -103.4280
2026-04-02 16:03:14 | 6 | -107.2015 | 4.1802 | 1.3399 | 0.6547 | 0.6852 | -104.1224
2026-04-02 16:03:25 | 7 | -103.3459 | 4.1762 | 1.3306 | 0.6485 | 0.6821 | -102.3377
2026-04-02 16:03:37 | 8 | -107.2399 | 4.1382 | 1.3232 | 0.6422 | 0.6809 | -96.5014
2026-04-02 16:03:48 | 9 | -95.2587 | 4.1310 | 1.3178 | 0.6358 | 0.6820 | -90.7201
2026-04-02 16:03:59 | 10 | -95.3019 | 4.1071 | 1.3090 | 0.6288 | 0.6802 | -85.9161
2026-04-02 16:04:10 | 11 | -88.8755 | 4.0743 | 1.3022 | 0.6215 | 0.6806 | -83.4788
2026-04-02 16:04:21 | 12 | -94.1896 | 4.0511 | 1.2912 | 0.6140 | 0.6773 | -83.7051
2026-04-02 16:04:32 | 13 | -83.9862 | 4.0262 | 1.2878 | 0.6072 | 0.6806 | -76.7844
2026-04-02 16:04:43 | 14 | -82.2811 | 4.0086 | 1.2833 | 0.6001 | 0.6832 | -76.1983
2026-04-02 16:04:54 | 15 | -78.1233 | 3.9905 | 1.2701 | 0.5921 | 0.6780 | -78.0806
2026-04-02 16:05:05 | 16 | -76.0196 | 3.9665 | 1.2623 | 0.5850 | 0.6773 | -79.3937
2026-04-02 16:05:16 | 17 | -73.0205 | 3.9504 | 1.2645 | 0.5787 | 0.6858 | -70.4386
2026-04-02 16:05:28 | 18 | -72.3153 | 3.9325 | 1.2597 | 0.5735 | 0.6862 | -73.8894
2026-04-02 16:05:39 | 19 | -77.5363 | 3.9149 | 1.2568 | 0.5678 | 0.6890 | -71.0976
2026-04-02 16:05:50 | 20 | -67.1414 | 3.8944 | 1.2500 | 0.5644 | 0.6856 | -69.0586
2026-04-02 16:06:01 | 21 | -72.8625 | 3.8851 | 1.2395 | 0.5590 | 0.6804 | -73.1717
2026-04-02 16:06:12 | 22 | -69.9699 | 3.8638 | 1.2429 | 0.5576 | 0.6853 | -65.8595
2026-04-02 16:06:22 | 23 | -67.0974 | 3.8385 | 1.2502 | 0.5568 | 0.6935 | -65.2235
2026-04-02 16:06:33 | 24 | -71.8088 | 3.8093 | 1.2441 | 0.5603 | 0.6838 | -67.0467
2026-04-02 16:06:44 | 25 | -71.0190 | 3.7903 | 1.2410 | 0.5594 | 0.6816 | -65.4120
2026-04-02 16:06:55 | 26 | -66.6534 | 3.7707 | 1.2366 | 0.5645 | 0.6720 | -63.3950
2026-04-02 16:07:06 | 27 | -66.8598 | 3.7550 | 1.2500 | 0.5684 | 0.6816 | -67.4520
2026-04-02 16:07:17 | 28 | -62.2120 | 3.7377 | 1.2366 | 0.5736 | 0.6630 | -66.1488
2026-04-02 16:07:28 | 29 | -64.8058 | 3.7184 | 1.2278 | 0.5808 | 0.6470 | -66.0286
2026-04-02 16:07:39 | 30 | -65.6288 | 3.7093 | 1.2279 | 0.5866 | 0.6413 | -66.2259
2026-04-02 16:07:50 | 31 | -63.9893 | 3.6992 | 1.2005 | 0.5886 | 0.6118 | -62.4970
2026-04-02 16:08:01 | 32 | -60.8661 | 3.6870 | 1.1932 | 0.5918 | 0.6014 | -62.7283
2026-04-02 16:08:12 | 33 | -60.9093 | 3.6745 | 1.1933 | 0.5929 | 0.6004 | -62.3351
2026-04-02 16:08:23 | 34 | -62.6873 | 3.6714 | 1.1918 | 0.5856 | 0.6062 | -59.5411
2026-04-02 16:08:34 | 35 | -65.4074 | 3.6628 | 1.1855 | 0.5807 | 0.6048 | -61.9208
2026-04-02 16:08:45 | 36 | -63.0879 | 3.6546 | 1.1572 | 0.5699 | 0.5873 | -58.2318
2026-04-02 16:08:56 | 37 | -65.1571 | 3.6497 | 1.1453 | 0.5509 | 0.5945 | -58.1932
2026-04-02 16:09:07 | 38 | -61.5574 | 3.6424 | 1.1338 | 0.5426 | 0.5913 | -70.4576
2026-04-02 16:09:17 | 39 | -60.7748 | 3.6377 | 1.1308 | 0.5284 | 0.6024 | -54.2992
2026-04-02 16:09:28 | 40 | -56.0232 | 3.6293 | 1.1373 | 0.5108 | 0.6265 | -53.2130
2026-04-02 16:11:48 | Training started | num_expert_samples=5000
2026-04-02 16:11:48 | iter | train_reward | test_imitation_loss | test_disc_loss | test_disc_loss_expert | test_disc_loss_generated | test_gen_reward
2026-04-02 16:12:05 | Training started | num_expert_samples=5000
2026-04-02 16:12:05 | iter | train_reward | test_imitation_loss | test_disc_loss | test_disc_loss_expert | test_disc_loss_generated | test_gen_reward
2026-04-02 16:12:17 | 1 | -122.5514 | 4.4063 | 1.3821 | 0.6594 | 0.7228 | -120.5030
2026-04-02 16:12:51 | Training started | num_expert_samples=5000
2026-04-02 16:12:51 | iter | train_reward | test_imitation_loss | test_disc_loss | test_disc_loss_expert | test_disc_loss_generated | test_gen_reward
2026-04-02 16:13:03 | 1 | -115.7508 | 4.2563 | 1.3805 | 0.6930 | 0.6874 | -114.4414
2026-04-02 16:13:14 | Training started | num_expert_samples=5000
2026-04-02 16:13:14 | iter | train_reward | test_imitation_loss | test_disc_loss | test_disc_loss_expert | test_disc_loss_generated | test_gen_reward
2026-04-02 16:13:26 | 1 | -115.6584 | 4.2877 | 1.3806 | 0.7186 | 0.6620 | -120.7322
2026-04-02 16:14:50 | Training started | num_expert_samples=5000
2026-04-02 16:14:50 | iter | train_reward | test_imitation_loss | test_disc_loss | test_disc_loss_expert | test_disc_loss_generated | test_gen_reward
2026-04-02 16:15:02 | 1 | -109.7790 | 4.2572 | 1.3703 | 0.7269 | 0.6433 | -110.7840
2026-04-02 16:15:53 | Training started | num_expert_samples=5000
2026-04-02 16:15:53 | iter | train_reward | test_imitation_loss | test_disc_loss | test_disc_loss_expert | test_disc_loss_generated | test_gen_reward
2026-04-02 16:16:06 | 1 | -119.7802 | 4.3381 | 1.3830 | 0.6208 | 0.7621 | -117.8819
2026-04-02 16:16:34 | Training started | num_expert_samples=5000
2026-04-02 16:16:34 | iter | train_reward | test_imitation_loss | test_disc_loss | test_disc_loss_expert | test_disc_loss_generated | test_gen_reward
2026-04-02 16:16:46 | 1 | -118.2890 | 4.3145 | 1.3949 | 0.6634 | 0.7315 | -118.1329
2026-04-02 16:16:58 | 2 | -123.7235 | 4.3172 | 1.3786 | 0.6553 | 0.7233 | -118.9200
2026-04-02 16:17:11 | 3 | -122.9282 | 4.3263 | 1.3614 | 0.6475 | 0.7139 | -123.2742
2026-04-02 16:17:23 | 4 | -124.0482 | 4.3102 | 1.3486 | 0.6395 | 0.7090 | -118.5747
2026-04-02 16:17:35 | 5 | -122.5491 | 4.3078 | 1.3347 | 0.6317 | 0.7030 | -121.3979
2026-04-02 16:17:47 | 6 | -118.7726 | 4.3158 | 1.3167 | 0.6234 | 0.6933 | -124.4574
2026-04-02 16:17:59 | 7 | -121.9802 | 4.2887 | 1.3023 | 0.6156 | 0.6867 | -124.6886
2026-04-02 16:18:11 | 8 | -120.0442 | 4.2674 | 1.2933 | 0.6072 | 0.6861 | -114.9809
2026-04-02 16:18:23 | 9 | -121.6369 | 4.2539 | 1.2793 | 0.5990 | 0.6803 | -116.2909
2026-04-02 16:18:35 | 10 | -107.6447 | 4.2302 | 1.2702 | 0.5899 | 0.6803 | -108.3470
2026-04-02 16:18:47 | 11 | -107.7304 | 4.2020 | 1.2603 | 0.5811 | 0.6792 | -106.0839
2026-04-02 16:18:59 | 12 | -104.0025 | 4.1741 | 1.2481 | 0.5725 | 0.6756 | -104.4704
2026-04-02 16:19:10 | 13 | -105.4451 | 4.1543 | 1.2381 | 0.5630 | 0.6750 | -104.6774
2026-04-02 16:19:22 | 14 | -100.0451 | 4.1280 | 1.2278 | 0.5534 | 0.6744 | -94.6787
2026-04-02 16:19:34 | 15 | -95.6997 | 4.1015 | 1.2201 | 0.5440 | 0.6761 | -93.7000
2026-04-02 16:19:46 | 16 | -92.4971 | 4.0773 | 1.2182 | 0.5353 | 0.6829 | -86.0541
2026-04-02 16:19:57 | 17 | -87.9311 | 4.0481 | 1.2067 | 0.5253 | 0.6814 | -81.8009
2026-04-02 16:20:09 | 18 | -90.6221 | 4.0254 | 1.2109 | 0.5174 | 0.6935 | -80.1340
2026-04-02 16:20:21 | 19 | -86.8716 | 4.0087 | 1.1894 | 0.5090 | 0.6804 | -82.5185
2026-04-02 16:20:32 | 20 | -85.4394 | 3.9964 | 1.1890 | 0.4993 | 0.6897 | -80.3778
2026-04-02 16:20:44 | 21 | -72.7797 | 3.9784 | 1.1761 | 0.4918 | 0.6842 | -75.2253
2026-04-02 16:20:56 | 22 | -76.9432 | 3.9465 | 1.1821 | 0.4858 | 0.6962 | -78.1794
2026-04-02 16:21:07 | 23 | -80.0184 | 3.9350 | 1.1895 | 0.4816 | 0.7079 | -70.9194
2026-04-02 16:21:19 | 24 | -73.6397 | 3.9209 | 1.1771 | 0.4733 | 0.7038 | -74.8183
2026-04-02 16:21:30 | 25 | -66.0430 | 3.8995 | 1.1845 | 0.4725 | 0.7119 | -72.4672
2026-04-02 16:21:42 | 26 | -64.9983 | 3.8839 | 1.1608 | 0.4699 | 0.6909 | -69.7661
2026-04-02 16:21:54 | 27 | -70.2446 | 3.8717 | 1.1809 | 0.4664 | 0.7145 | -64.2392
2026-04-02 16:22:05 | 28 | -71.2821 | 3.8534 | 1.1797 | 0.4705 | 0.7092 | -68.8915
2026-04-02 16:22:17 | 29 | -66.1573 | 3.8452 | 1.1643 | 0.4702 | 0.6942 | -67.3069
2026-04-02 16:22:29 | 30 | -63.1804 | 3.8354 | 1.1752 | 0.4762 | 0.6990 | -64.8469
